CCS PCH C Compiler, Version 5.007, 61971               28-Mar-23 17:25

               Filename:   C:\Users\ibrahim berk\Documents\mikroiþlemciler\ders2\led_yak2.lst

               ROM used:   110 bytes (0%)
                           Largest free fragment is 32658
               RAM used:   5 (0%) at main() level
                           6 (0%) worst case
               Stack used: 0 locations
               Stack size: 31

*
0000:  GOTO   002C
.................... #include <led_yak2.h> 
.................... #include <18F452.h> 
.................... //////// Standard Header file for the PIC18F452 device //////////////// 
.................... #device PIC18F452 
....................  
.................... #list 
....................  
.................... #device ADC=16 
....................  
.................... #FUSES NOWDT                 	//No Watch Dog Timer 
.................... #FUSES WDT128                	//Watch Dog Timer uses 1:128 Postscale 
.................... #FUSES NOBROWNOUT            	//No brownout reset 
.................... #FUSES NOLVP                 	//No low voltage prgming, B3(PIC16) or B5(PIC18) used for I/O 
....................  
.................... #use delay(crystal=4MHz) 
0004:  CLRF   FEA
0006:  MOVLW  06
0008:  MOVWF  FE9
000A:  MOVF   FEF,W
000C:  BZ    002A
000E:  MOVLW  01
0010:  MOVWF  01
0012:  CLRF   00
0014:  DECFSZ 00,F
0016:  BRA    0014
0018:  DECFSZ 01,F
001A:  BRA    0012
001C:  MOVLW  4A
001E:  MOVWF  00
0020:  DECFSZ 00,F
0022:  BRA    0020
0024:  BRA    0026
0026:  DECFSZ FEF,F
0028:  BRA    000E
002A:  RETURN 0
.................... #use FIXED_IO( B_outputs=PIN_B1 ) 
....................  
....................  
....................  
.................... void main() 
002C:  CLRF   FF8
002E:  BCF    FD0.7
0030:  BSF    FC1.0
0032:  BSF    FC1.1
0034:  BSF    FC1.2
0036:  BCF    FC1.3
.................... { 
.................... set_tris_b(0x00); 
0038:  MOVLW  00
003A:  MOVWF  F93
.................... output_b(0x00); 
003C:  MOVLW  FD
003E:  MOVWF  F93
0040:  CLRF   F8A
....................    while(TRUE) 
....................    { 
....................    output_high(pin_B1); 
0042:  MOVLW  FD
0044:  MOVWF  F93
0046:  BSF    F8A.1
....................    delay_ms(1000); 
0048:  MOVLW  04
004A:  MOVWF  05
004C:  MOVLW  FA
004E:  MOVWF  06
0050:  RCALL  0004
0052:  DECFSZ 05,F
0054:  BRA    004C
....................         output_low(pin_B1); 
0056:  MOVLW  FD
0058:  MOVWF  F93
005A:  BCF    F8A.1
....................    delay_ms(1000); 
005C:  MOVLW  04
005E:  MOVWF  05
0060:  MOVLW  FA
0062:  MOVWF  06
0064:  RCALL  0004
0066:  DECFSZ 05,F
0068:  BRA    0060
006A:  BRA    0042
....................    } 
....................  
.................... } 
006C:  SLEEP 

Configuration Fuses:
   Word  1: 2100   XT NOOSCSEN
   Word  2: 0E0C   PUT NOBROWNOUT BORV20 NOWDT WDT128
   Word  3: 0100   CCP2C1
   Word  4: 0081   STVREN NOLVP NODEBUG
   Word  5: C00F   NOPROTECT NOCPB NOCPD
   Word  6: E00F   NOWRT NOWRTC NOWRTB NOWRTD
   Word  7: 400F   NOEBTR NOEBTRB
